// Jest Snapshot v1, https://goo.gl/fbAQLP

exports[`button matches wrapper snapshot: wrapper mount 1`] = `
.emotion-1 {
  margin-bottom: 15px;
}

@media only screen and (min-width:641px) {
  .emotion-1 {
    margin-bottom: 20px;
  }
}

.emotion-0 {
  background-color: #00823b;
  border: none;
  box-shadow: 0 2px 0 #003618;
  color: #ffffff;
  cursor: pointer;
  display: -webkit-box;
  display: -webkit-flex;
  display: -ms-flexbox;
  display: flex;
  -webkit-align-items: center;
  -webkit-box-align: center;
  -ms-flex-align: center;
  align-items: center;
  -webkit-box-pack: justify;
  -webkit-justify-content: space-between;
  -ms-flex-pack: justify;
  justify-content: space-between;
  font-family: "nta",Arial,sans-serif;
  font-weight: 400;
  font-size: 1em;
  line-height: 1.25;
  outline-offset: -1px;
  outline: 1px solid transparent;
  padding: .526315em .789473em .263157em;
  -webkit-text-decoration: none;
  text-decoration: none;
  -webkit-appearance: none;
  -webkit-font-smoothing: antialiased;
  opacity: 1;
  pointer-events: auto;
  padding-right: .84211em;
  margin-bottom: 15px;
}

.emotion-0:focus {
  outline: 3px solid #ffbf47;
}

.emotion-0 svg {
  max-width: 15px;
  margin-left: 20px;
}

@media only screen and (min-width:641px) {
  .emotion-0 {
    margin-bottom: 20px;
  }
}

<_default>
  <Styled(Button)
    disabled={false}
    start={false}
  >
    <Button
      className="emotion-1"
      disabled={false}
      start={false}
    >
      <Styled(button)
        className="emotion-1"
        disabled={false}
        start={false}
      >
        <button
          className="emotion-0"
          disabled={false}
          start={false}
        >
          Button
        </button>
      </Styled(button)>
    </Button>
  </Styled(Button)>
</_default>
`;

exports[`button should render a disabled button: disabled button 1`] = `
.emotion-1 {
  margin-bottom: 15px;
}

@media only screen and (min-width:641px) {
  .emotion-1 {
    margin-bottom: 20px;
  }
}

.emotion-0 {
  background-color: #00823b;
  border: none;
  box-shadow: 0 2px 0 #003618;
  color: #ffffff;
  cursor: pointer;
  display: -webkit-box;
  display: -webkit-flex;
  display: -ms-flexbox;
  display: flex;
  -webkit-align-items: center;
  -webkit-box-align: center;
  -ms-flex-align: center;
  align-items: center;
  -webkit-box-pack: justify;
  -webkit-justify-content: space-between;
  -ms-flex-pack: justify;
  justify-content: space-between;
  font-family: "nta",Arial,sans-serif;
  font-weight: 400;
  font-size: 1em;
  line-height: 1.25;
  outline-offset: -1px;
  outline: 1px solid transparent;
  padding: .526315em .789473em .263157em;
  -webkit-text-decoration: none;
  text-decoration: none;
  -webkit-appearance: none;
  -webkit-font-smoothing: antialiased;
  opacity: .5;
  pointer-events: none;
  padding-right: .84211em;
  margin-bottom: 15px;
}

.emotion-0:focus {
  outline: 3px solid #ffbf47;
}

.emotion-0 svg {
  max-width: 15px;
  margin-left: 20px;
}

@media only screen and (min-width:641px) {
  .emotion-0 {
    margin-bottom: 20px;
  }
}

<ButtonDisabled>
  <Styled(Button)
    disabled={true}
  >
    <Button
      className="emotion-1"
      disabled={true}
      start={false}
    >
      <Styled(button)
        className="emotion-1"
        disabled={true}
        start={false}
      >
        <button
          className="emotion-0"
          disabled={true}
          start={false}
        >
          Disabled primary button
        </button>
      </Styled(button)>
    </Button>
  </Styled(Button)>
</ButtonDisabled>
`;
